// Jest Snapshot v1, https://goo.gl/fbAQLP

exports[`Change representation status page GET /applications-service/case/1/relevant-representations/1/representations-details/status-result should render the page 1`] = `
"<main class=\\"govuk-main-wrapper \\" id=\\"main-content\\" role=\\"main\\"><span class=\\"govuk-caption-l\\"></span>
    <h1 class=\\"govuk-heading-l govuk-!-margin-bottom-2\\">Notes</h1><strong class=\\"govuk-heading-s govuk-!-margin-bottom-6\\"><strong class=\\"govuk-tag govuk-tag--grey\\">awaiting review</strong></strong>
    <div     class=\\"govuk-grid-row\\">
        <div class=\\"govuk-grid-column-full\\">
            <form method=\\"post\\" novalidate>
                <div class=\\"govuk-form-group\\">
                    <fieldset class=\\"govuk-fieldset\\">
                        <div class=\\"govuk-radios\\" data-module=\\"govuk-radios\\"></div>
                    </fieldset>
                </div>
                <div class=\\"govuk-form-group\\">
                    <div id=\\"notes-hint\\" class=\\"govuk-hint\\">Use this space to provide more details.</div>
                    <textarea class=\\"govuk-textarea\\"
                    id=\\"notes\\" name=\\"notes\\" rows=\\"5\\" aria-describedby=\\"notes-hint\\"></textarea>
                </div>
                <button type=\\"submit\\" class=\\"govuk-button govuk-!-margin-top-3\\" data-module=\\"govuk-button\\">Save changes</button>
            </form>
        </div>
        </div>
</main>"
`;
