// Jest Snapshot v1, https://goo.gl/fbAQLP

exports[`Representation comment page GET /applications-service/case/1/relevant-representations/add-representation should render the page 1`] = `
"<main class=\\"govuk-main-wrapper \\" id=\\"main-content\\" role=\\"main\\">
    <p class=\\"govuk-body\\"><strong>Project name:</strong> mock title</p><span class=\\"govuk-caption-l\\">Add a representation</span>
    <div     class=\\"govuk-grid-row\\">
        <div class=\\"govuk-grid-column-full\\">
            <form method=\\"post\\" novalidate>
                <div class=\\"govuk-form-group\\">
                    <fieldset class=\\"govuk-fieldset\\" role=\\"group\\">
                        <legend class=\\"govuk-fieldset__legend govuk-fieldset__legend--l\\">Date received</legend>
                        <div class=\\"govuk-date-input\\" id=\\"received-date\\">
                            <div class=\\"govuk-date-input__item\\">
                                <div class=\\"govuk-form-group\\">
                                    <label class=\\"govuk-label govuk-date-input__label\\" for=\\"received-date-day\\">Day</label>
                                    <input class=\\"govuk-input govuk-date-input__input govuk-input--width-2\\"
                                    id=\\"received-date-day\\" name=\\"received-date-day\\" type=\\"text\\" value=\\"31\\"
                                    inputmode=\\"numeric\\">
                                </div>
                            </div>
                            <div class=\\"govuk-date-input__item\\">
                                <div class=\\"govuk-form-group\\">
                                    <label class=\\"govuk-label govuk-date-input__label\\" for=\\"received-date-month\\">Month</label>
                                    <input class=\\"govuk-input govuk-date-input__input govuk-input--width-2\\"
                                    id=\\"received-date-month\\" name=\\"received-date-month\\" type=\\"text\\" value=\\"5\\"
                                    inputmode=\\"numeric\\">
                                </div>
                            </div>
                            <div class=\\"govuk-date-input__item\\">
                                <div class=\\"govuk-form-group\\">
                                    <label class=\\"govuk-label govuk-date-input__label\\" for=\\"received-date-year\\">Year</label>
                                    <input class=\\"govuk-input govuk-date-input__input govuk-input--width-4\\"
                                    id=\\"received-date-year\\" name=\\"received-date-year\\" type=\\"text\\" value=\\"2023\\"
                                    inputmode=\\"numeric\\">
                                </div>
                            </div>
                        </div>
                    </fieldset>
                </div>
                <div class=\\"govuk-form-group\\">
                    <label class=\\"govuk-label govuk-label--s\\" for=\\"originalRepresentation\\">Representation content</label>
                    <textarea class=\\"govuk-textarea\\" id=\\"originalRepresentation\\"
                    name=\\"originalRepresentation\\" rows=\\"15\\" spellcheck=\\"true\\">The proposals size, loss of food producing land, battery storage size
                        and technology, joined up thinking between DCO applications</textarea>
                </div>
                <button type=\\"submit\\" class=\\"govuk-button govuk-!-margin-top-3\\" data-module=\\"govuk-button\\">Save and continue</button>
            </form>
        </div>
        </div>
</main>"
`;
