// Jest Snapshot v1, https://goo.gl/fbAQLP

exports[`General section 51 page #viewGeneralSection51page should render the general section 51 version of the section 51 page 1`] = `
"<main class="govuk-main-wrapper" id="main-content">
    <div class="top-errors-hook" role="alert"></div>
    <div class="govuk-grid-row">
        <div class="govuk-grid-column-full">
            <h2 class="govuk-heading-l govuk-!-margin-bottom-2">General S51 advice</h2>
            <hr class="govuk-section-break govuk-section-break--l govuk-section-break--visible govuk-!-margin-top-2">
            <script nonce="EdcOUaJ8lczj9tIPO0lPow==">
                let clickEventListenerAdded = false
                		window.addEventListener("load", () => {
                			document.querySelector("#pins-subfolder-accordian .govuk-accordion__section-heading").addEventListener("mouseenter", (event) => {
                				if (clickEventListenerAdded) {
                					return
                				}
                				event.target.getElementsByClassName("govuk-accordion__section-button")[0].addEventListener("click", (event) => {
                					if (event.pointerType) {
                						event.currentTarget.blur()
                					}
                				})
                				clickEventListenerAdded = true
                			})
                		})
            </script>
            <div class="govuk-width-container">
                <div class="govuk-grid-row govuk-!-margin-top-0">
                    <div class="govuk-grid-column-two-thirds govuk-!-margin-top-0"><a class="govuk-button govuk-button--secondary govuk-!-margin-0" href="/applications-service/case/111111111/project-documentation/21/s51-advice/create/title"> Create new</a>
                    </div>
                    <div class="govuk-grid-column-one-third"><a class="govuk-link govuk-body-m govuk-!-text-align-right" href="/applications-service/case/111111111/project-documentation/21/s51-advice/publishing-queue"> General S51 publishing queue</a>
                    </div>
                </div>
            </div>
        </div>
    </div>
</main>"
`;
