// Jest Snapshot v1, https://goo.gl/fbAQLP

exports[`A test is heree GET /applications-service/case/1/relevant-representations/1/representations-details should render the page 1`] = `
"<main class=\\"govuk-main-wrapper \\" id=\\"main-content\\" role=\\"main\\">
    <div class=\\"govuk-grid-row\\">
        <div class=\\"govuk-grid-column-full\\">
            <h1 class=\\"govuk-heading-l\\">Org or name?</h1><strong class=\\"govuk-heading-s\\"><strong class=\\"govuk-tag govuk-tag--\\">in 1test</strong></strong>
            <p><strong>Project name:</strong> mock title</p>
            <h3 class=\\"govuk-heading-m\\">Contact details</h3>
            <dl class=\\"govuk-summary-list\\">
                <div class=\\"govuk-summary-list__row \\"><dt class=\\"govuk-summary-list__key\\"> Organisation name</dt>
                    <dd class=\\"govuk-summary-list__value\\">--</dd>
                    <dd class=\\"govuk-summary-list__actions\\"><a class=\\"govuk-link\\" href=\\"#\\"> Change<span class=\\"govuk-visually-hidden\\"> organisation name</span></a>
                    </dd>
                </div>
                <div class=\\"govuk-summary-list__row govuk-summary-list__row--no-actions\\"><dt class=\\"govuk-summary-list__key\\"> Name</dt>
                    <dd class=\\"govuk-summary-list__value\\">Arthur Test</dd>
                </div>
                <div class=\\"govuk-summary-list__row govuk-summary-list__row--no-actions\\"><dt class=\\"govuk-summary-list__key\\"> Job title</dt>
                    <dd class=\\"govuk-summary-list__value\\"></dd>
                </div>
                <div class=\\"govuk-summary-list__row govuk-summary-list__row--no-actions\\"><dt class=\\"govuk-summary-list__key\\"> Email address</dt>
                    <dd class=\\"govuk-summary-list__value\\">test@example.com</dd>
                </div>
                <div class=\\"govuk-summary-list__row govuk-summary-list__row--no-actions\\"><dt class=\\"govuk-summary-list__key\\"> Telephone number</dt>
                    <dd class=\\"govuk-summary-list__value\\">01234 567890</dd>
                </div>
                <div class=\\"govuk-summary-list__row\\"><dt class=\\"govuk-summary-list__key\\"> Address</dt>
                    <dd class=\\"govuk-summary-list__value\\">21 The Pavement Wandsworth SW4 0HY</dd>
                    <dd class=\\"govuk-summary-list__actions\\"><a class=\\"govuk-link\\" href=\\"#\\"> Change<span class=\\"govuk-visually-hidden\\"> address</span></a>
                    </dd>
                </div>
                <div class=\\"govuk-summary-list__row\\"><dt class=\\"govuk-summary-list__key\\"> Preferred contact method</dt>
                    <dd                     class=\\"govuk-summary-list__value\\">Email</dd>
                        <dd class=\\"govuk-summary-list__actions\\"><a class=\\"govuk-link\\" href=\\"edit/preferred-contact\\"> Change<span class=\\"govuk-visually-hidden\\"> preferred preferred contact method</span></a>
                        </dd>
                </div>
                <div class=\\"govuk-summary-list__row\\"><dt class=\\"govuk-summary-list__key\\"> Type</dt>
                    <dd class=\\"govuk-summary-list__value\\">no data?</dd>
                    <dd class=\\"govuk-summary-list__actions\\"><a class=\\"govuk-link\\" href=\\"edit/preferred-contact\\"> Change<span class=\\"govuk-visually-hidden\\"> type</span></a>
                    </dd>
                </div>
                <div class=\\"govuk-summary-list__row\\"><dt class=\\"govuk-summary-list__key\\"> Representation on behalf of</dt>
                    <dd                     class=\\"govuk-summary-list__value\\">no data?</dd>
                        <dd class=\\"govuk-summary-list__actions\\"><a class=\\"govuk-link\\" href=\\"edit/preferred-contact\\"> Change<span class=\\"govuk-visually-hidden\\"> representation on behalf of</span></a>
                        </dd>
                </div>
                <div class=\\"govuk-summary-list__row\\"><dt class=\\"govuk-summary-list__key\\"> Under 18</dt>
                    <dd class=\\"govuk-summary-list__value\\">No</dd>
                    <dd class=\\"govuk-summary-list__actions\\"><a class=\\"govuk-link\\" href=\\"edit/preferred-contact\\"> Change<span class=\\"govuk-visually-hidden\\"> under 18</span></a>
                    </dd>
                </div>
            </dl>
        </div>
    </div>
    <div class=\\"govuk-grid-row\\">
        <div class=\\"govuk-grid-column-full\\">
            <h3 class=\\"govuk-heading-m\\">Agent contact details</h3>
            <dl class=\\"govuk-summary-list\\">
                <div class=\\"govuk-summary-list__row\\"><dt class=\\"govuk-summary-list__key\\"> Organisation name</dt>
                    <dd class=\\"govuk-summary-list__value\\"></dd>
                    <dd class=\\"govuk-summary-list__actions\\"><a class=\\"govuk-link\\" href=\\"#\\"> Change<span class=\\"govuk-visually-hidden\\">organisation name</span></a>
                    </dd>
                </div>
                <div class=\\"govuk-summary-list__row govuk-summary-list__row--no-actions\\"><dt class=\\"govuk-summary-list__key\\"> Name</dt>
                    <dd class=\\"govuk-summary-list__value\\">James Bond</dd>
                </div>
                <div class=\\"govuk-summary-list__row govuk-summary-list__row--no-actions\\"><dt class=\\"govuk-summary-list__key\\"> Job title</dt>
                    <dd class=\\"govuk-summary-list__value\\"></dd>
                </div>
                <div class=\\"govuk-summary-list__row govuk-summary-list__row--no-actions\\"><dt class=\\"govuk-summary-list__key\\"> Email address</dt>
                    <dd class=\\"govuk-summary-list__value\\">test-agent@example.com</dd>
                </div>
                <div class=\\"govuk-summary-list__row govuk-summary-list__row--no-actions\\"><dt class=\\"govuk-summary-list__key\\"> Telephone number</dt>
                    <dd class=\\"govuk-summary-list__value\\">01234 567890</dd>
                </div>
                <div class=\\"govuk-summary-list__row\\"><dt class=\\"govuk-summary-list__key\\"> Address</dt>
                    <dd class=\\"govuk-summary-list__value\\">96 The Avenue Maidstone Kent MD21 5XY</dd>
                    <dd class=\\"govuk-summary-list__actions\\"><a class=\\"govuk-link\\" href=\\"#\\"> Change<span class=\\"govuk-visually-hidden\\"> address</span></a>
                    </dd>
                </div>
                <div class=\\"govuk-summary-list__row\\"><dt class=\\"govuk-summary-list__key\\"> Preferred contact method</dt>
                    <dd                     class=\\"govuk-summary-list__value\\">Email</dd>
                        <dd class=\\"govuk-summary-list__actions\\"><a class=\\"govuk-link\\" href=\\"#\\"> Change<span class=\\"govuk-visually-hidden\\"> preferred contact method</span></a>
                        </dd>
                </div>
                <div class=\\"govuk-summary-list__row\\"><dt class=\\"govuk-summary-list__key\\"> Type</dt>
                    <dd class=\\"govuk-summary-list__value\\">no data?</dd>
                    <dd class=\\"govuk-summary-list__actions\\"><a class=\\"govuk-link\\" href=\\"#\\"> Change<span class=\\"govuk-visually-hidden\\"> type</span></a>
                    </dd>
                </div>
                <div class=\\"govuk-summary-list__row\\"><dt class=\\"govuk-summary-list__key\\"> Under 18</dt>
                    <dd class=\\"govuk-summary-list__value\\">No</dd>
                    <dd class=\\"govuk-summary-list__actions\\"><a class=\\"govuk-link\\" href=\\"#\\"> Change<span class=\\"govuk-visually-hidden\\"> under 18</span></a>
                    </dd>
                </div>
            </dl>
        </div>
    </div>
    <div class=\\"govuk-grid-row\\">
        <div class=\\"govuk-grid-column-full\\">
            <h3 class=\\"govuk-heading-m\\">Representation</h3>
            <dl class=\\"govuk-summary-list\\">
                <div class=\\"govuk-summary-list__row\\"><dt class=\\"govuk-summary-list__key\\"> Reference</dt>
                    <dd class=\\"govuk-summary-list__value\\">BC0110001-3</dd>
                </div>
                <div class=\\"govuk-summary-list__row\\"><dt class=\\"govuk-summary-list__key\\"> Date received</dt>
                    <dd class=\\"govuk-summary-list__value\\">14 Apr 2023</dd>
                </div>
                <div class=\\"govuk-summary-list__row\\"><dt class=\\"govuk-summary-list__key\\"> Original representation</dt>
                    <dd class=\\"govuk-summary-list__value\\">
                        <noscript>Ipsum ex deserunt et consequat esse reprehenderit excepteur ipsum eu.
                            Ea sit Lorem irure duis pariatur sit ea est ut magna. Elit in ea sint reprehenderit
                            anim aute ullamco laboris enim adipisicing elit tempor. Aliqua duis exercitation
                            ex exercitation sit ullamco in nostrud dolor sit elit exercitation velit.
                            Ea ad ad ut laboris sunt eiusmod. Commodo in eiusmod ipsum sit elit occaecat
                            ad reprehenderit eiusmod elit sit. In aliquip eu aliquip est ad Officia
                            qui sint dolor ut quis consequat Lorem velit fugiat do dolor velit veniam.
                            Duis dolore eu sit qui nisi aliquip deserunt culpa ut sint veniam ullamco.
                            Dolore esse dolor exercitation nisi consectetur dolor anim veniam ad. Deserunt
                            cillum incididunt officia ullamco mollit voluptate id sunt nisi proident
                            officia laborum sit. Do exercitation dolore culpa exercitation nisi voluptate
                            esse fugiat. Elit aliquip quis cupidatat sint aliqua. Irure aute exercitation
                            cillum est. Ut dolore veniam consequat excepteur tempor sit. Adipisicing
                            officia quis ea labore nostrud ullamco nisi. Proident minim anim proident
                            velit duis do elit reprehenderit commodo. Anim laborum laborum quis id
                            qui fugiat nulla duis ipsum exercitation aute elit reprehenderit dolor.
                            Adipisicing incididunt eu anim aliqua Lorem eiusmod irure Lorem ex do duis.
                            Aliquip officia occaecat non ullamco cupidatat laborum deserunt laboris
                            consectetur. Ex consequat pariatur nulla do ex proident laboris pariatur
                            adipisicing deserunt adipisicing in occaecat fugiat. Ullamco elit dolore
                            consequat consectetur.Voluptate sint id aliqua eu aliqua incididunt nulla
                            do deserunt elit. Veniam cupidatat adipisicing est nostrud occaecat tempor.
                            Elit ad aute culpa culpa.
                            <style>
                                #fullRepToggle {
                                									display: none;
                                								}

                                								* {
                                									color: red;
                                								}
                            </style>
                        </noscript>
                        <div id=\\"representationText\\">Ipsum ex deserunt et consequat esse reprehenderit excepteur ipsum eu.
                            Ea sit Lorem irure duis pariatur sit ea est ut magna. Elit in ea sint reprehenderit
                            anim aute ullamco laboris enim adipisicing eli</div><a href=\\"#\\" id=\\"fullRepToggle\\"
                        class=\\"govuk-link govuk-link--no-visited-state\\">Show full representation</a>
                        <script                         nonce=\\"EdcOUaJ8lczj9tIPO0lPow==\\">const repTextEl = document.querySelector('#representationText') const
                            fullRepToggleEl = document.querySelector('#fullRepToggle') const repExcerpt
                            = 'Ipsum ex deserunt et consequat esse reprehenderit excepteur ipsum eu.
                            Ea sit Lorem irure duis pariatur sit ea est ut magna. Elit in ea sint reprehenderit
                            anim aute ullamco laboris enim adipisicing eli' const repFullText = 'Ipsum
                            ex deserunt et consequat esse reprehenderit excepteur ipsum eu. Ea sit
                            Lorem irure duis pariatur sit ea est ut magna. Elit in ea sint reprehenderit
                            anim aute ullamco laboris enim adipisicing elit tempor. Aliqua duis exercitation
                            ex exercitation sit ullamco in nostrud dolor sit elit exercitation velit.
                            Ea ad ad ut laboris sunt eiusmod. Commodo in eiusmod ipsum sit elit occaecat
                            ad reprehenderit eiusmod elit sit. In aliquip eu aliquip est ad Officia
                            qui sint dolor ut quis consequat Lorem velit fugiat do dolor velit veniam.
                            Duis dolore eu sit qui nisi aliquip deserunt culpa ut sint veniam ullamco.
                            Dolore esse dolor exercitation nisi consectetur dolor anim veniam ad. Deserunt
                            cillum incididunt officia ullamco mollit voluptate id sunt nisi proident
                            officia laborum sit. Do exercitation dolore culpa exercitation nisi voluptate
                            esse fugiat. Elit aliquip quis cupidatat sint aliqua. Irure aute exercitation
                            cillum est. Ut dolore veniam consequat excepteur tempor sit. Adipisicing
                            officia quis ea labore nostrud ullamco nisi. Proident minim anim proident
                            velit duis do elit reprehenderit commodo. Anim laborum laborum quis id
                            qui fugiat nulla duis ipsum exercitation aute elit reprehenderit dolor.
                            Adipisicing incididunt eu anim aliqua Lorem eiusmod irure Lorem ex do duis.
                            Aliquip officia occaecat non ullamco cupidatat laborum deserunt laboris
                            consectetur. Ex consequat pariatur nulla do ex proident laboris pariatur
                            adipisicing deserunt adipisicing in occaecat fugiat. Ullamco elit dolore
                            consequat consectetur.Voluptate sint id aliqua eu aliqua incididunt nulla
                            do deserunt elit. Veniam cupidatat adipisicing est nostrud occaecat tempor.
                            Elit ad aute culpa culpa.' let isToggled = false const handleClick =function(e)
                            { e.preventDefault() if( !isToggled ) { repTextEl.innerText = repFullText
                            fullRepToggleEl.innerText = 'Hide full representation' isToggled = true
                            } else { repTextEl.innerText = repExcerpt fullRepToggleEl.innerText = 'Show
                            full representation' isToggled = false } } fullRepToggleEl.addEventListener(
                            'click', handleClick )</script>
                    </dd>
                    <dd class=\\"govuk-summary-list__actions\\"><a class=\\"govuk-link\\" href=\\"edit/preferred-contact\\"> Redact<span class=\\"govuk-visually-hidden\\"> original representation</span></a>
                    </dd>
                </div>
            </dl>
        </div>
    </div>
    <div class=\\"govuk-grid-row\\">
        <div class=\\"govuk-grid-column-full\\">
            <h3 class=\\"govuk-heading-m\\">Workflow</h3>
            <dl class=\\"govuk-summary-list\\">
                <div class=\\"govuk-summary-list__row\\"><dt class=\\"govuk-summary-list__key\\"> Status</dt>
                    <dd class=\\"govuk-summary-list__value\\">--</dd>
                    <dd class=\\"govuk-summary-list__actions\\"><a class=\\"govuk-link\\" href=\\"edit/preferred-contact\\"> Change<span class=\\"govuk-visually-hidden\\"> status</span></a>
                    </dd>
                </div>
            </dl>
            <div><a class=\\"govuk-button govuk-button--secondary\\" href=\\"#\\">View task log</a>
            </div>
        </div>
    </div>
    <div class=\\"govuk-grid-row\\">
        <div class=\\"govuk-grid-column-full\\">
            <h3 class=\\"govuk-heading-m\\">Attachments</h3>
            <div><a class=\\"govuk-button govuk-button--secondary\\" href=\\"#\\">Upload files</a>
            </div>
        </div>
    </div>
</main>"
`;
