// Jest Snapshot v1, https://goo.gl/fbAQLP

exports[`applications view case summary GET /case should render the page 1`] = `
"<main class=\\"govuk-main-wrapper \\" id=\\"main-content\\" role=\\"main\\">
    <div class=\\"govuk-grid-row\\">
        <div class=\\"govuk-grid-column-two-thirds\\">
            <h1 class=\\"govuk-heading-xl\\">Page not found</h1>
            <p class=\\"govuk-body\\">If you typed the web address, check it is correct.</p>
            <p class=\\"govuk-body\\">If you pasted the web address, check you copied the entire address.</p>
            <p             class=\\"govuk-body\\"><a href=\\"https://has-appeal.herokuapp.com/help/contact\\" class=\\"govuk-link\\">Contact the Planning Inspectorate Customer Support</a> if
                the problem persists</p>
        </div>
    </div>
</main>"
`;
