// Jest Snapshot v1, https://goo.gl/fbAQLP

exports[`national-list GET / should render national list 1`] = `
"<main class=\\"govuk-main-wrapper \\" id=\\"main-content\\" role=\\"main\\">
    <div class=\\"govuk-grid-row\\">
        <div class=\\"govuk-grid-column-full\\">
            <h1 class=\\"govuk-heading-xl\\">Appeals</h1>
        </div>
    </div><span class=\\"govuk-caption-xl\\">Case officer</span>
    <h2 class=\\"govuk-heading-l govuk-!-margin-bottom-3\\">All cases</h2>
    <table class=\\"govuk-table\\">
        <thead class=\\"govuk-table__head\\">
            <tr class=\\"govuk-table__row\\">
                <th scope=\\"col\\" class=\\"govuk-table__header\\">Appeal ID</th>
                <th scope=\\"col\\" class=\\"govuk-table__header\\">Site address</th>
                <th scope=\\"col\\" class=\\"govuk-table__header\\">Appeal type</th>
                <th scope=\\"col\\" class=\\"govuk-table__header\\">Local planning authority</th>
                <th scope=\\"col\\" class=\\"govuk-table__header\\">Status</th>
            </tr>
        </thead>
        <tbody class=\\"govuk-table__body\\">
            <tr class=\\"govuk-table__row\\">
                <td class=\\"govuk-table__cell\\"><a class=\\"govuk-link\\" href=\\"/appeals-service/appeal-details/1\\"> 943245</a>
                </td>
                <td class=\\"govuk-table__cell\\">Copthalls, Clevedon Road, West Hill, BS48 1PN</td>
                <td class=\\"govuk-table__cell\\">Householder Appeal</td>
                <td class=\\"govuk-table__cell\\">Bradford Council</td>
                <td class=\\"govuk-table__cell\\"><strong class=\\"govuk-tag govuk-tag--\\">received_appeal</strong>
                </td>
            </tr>
            <tr class=\\"govuk-table__row\\">
                <td class=\\"govuk-table__cell\\"><a class=\\"govuk-link\\" href=\\"/appeals-service/appeal-details/2\\"> 129285</a>
                </td>
                <td class=\\"govuk-table__cell\\">19 Beauchamp Road, Bristol, BS7 8LQ</td>
                <td class=\\"govuk-table__cell\\">Householder Appeal</td>
                <td class=\\"govuk-table__cell\\">Bradford Council</td>
                <td class=\\"govuk-table__cell\\"><strong class=\\"govuk-tag govuk-tag--\\">received_appeal</strong>
                </td>
            </tr>
        </tbody>
    </table>
</main>"
`;
