// Jest Snapshot v1, https://goo.gl/fbAQLP

exports[`appeal-details GET /start-date-entered should render the start date entered page 1`] = `
"<main class=\\"govuk-main-wrapper \\" id=\\"main-content\\" role=\\"main\\">
    <div class=\\"govuk-grid-row\\">
        <div class=\\"govuk-grid-column-two-thirds\\">
            <div class=\\"govuk-panel govuk-panel--confirmation\\">
                <h1 class=\\"govuk-panel__title\\"> Time successfully published</h1>
                <div class=\\"govuk-panel__body\\">Case reference number
                    <br><strong>351062</strong>
                </div>
            </div>
            <p class=\\"govuk-body\\">The timetable is now created.</p>
            <h2>What happens next</h2>
            <p class=\\"govuk-body\\">We've sent the start letter email to the Appellant and LPA.</p>
            <p class=\\"govuk-body\\">The case has been published on the Appeals Casework Portal.</p>
            <p class=\\"govuk-body\\"><a class=\\"govuk-link\\" href=\\"/appeals-service/appeal-details/1\\">Go back to case details</a>
            </p>
        </div>
    </div>
</main>"
`;
