// Jest Snapshot v1, https://goo.gl/fbAQLP

exports[`Representation attachment-upload page GET /applications-service/case/1/relevant-representations/attachment-upload should render the page and have the lookup fields 1`] = `
"<main class=\\"govuk-main-wrapper \\" id=\\"main-content\\" role=\\"main\\"><span class=\\"govuk-caption-l\\">Attachment upload</span>
    <div class=\\"govuk-grid-row\\">
        <div class=\\"govuk-grid-column-full\\">
            <div class=\\"govuk-grid-row pins-file-upload\\" data-next-page-url=\\"/applications-service/case/1/relevant-representations/1/representation-details\\"
            data-case-id=\\"1\\" data-multiple=\\"true\\" data-folder-id=\\"10\\" data-allowed-types=\\".pdf,application/pdf,.doc,application/msword,.docx,application/vnd.openxmlformats-officedocument.wordprocessingml.document,.ppt,application/vnd.ms-powerpoint,.pptx,application/vnd.openxmlformats-officedocument.presentationml.presentation,.xls,application/vnd.ms-excel,.xlsx,application/vnd.openxmlformats-officedocument.spreadsheetml.sheet,.jpg,image/jpeg,.jpeg,image/jpeg,.mpeg,video/mpeg,.mp3,audio/mpeg,.mp4,video/mp4,.mov,video/quicktime,.png,image/png,.tif,image/tiff,.tiff,image/tiff,\\">
                <div class=\\"top-errors-hook\\"></div>
                <h1 class=\\"govuk-heading-m govuk-grid-column-full\\">Planning Inspectorate Applications</h1>
                <form class=\\"govuk-grid-column-two-thirds\\">
                    <div class=\\"pins-file-upload--container\\">
                        <div class=\\"govuk-body colour--secondary pins-file-upload--instructions\\">
                            <label class='pins-file-upload--text' for=\\"upload-file-1\\">Choose a single or multiple files to upload.</label><span class='pins-file-upload--text'> Your file must be PDF, DOC, DOCX, PPT, PPTX, XLS, XLSX, JPG, JPEG, MPEG, MP3, MP4, MOV, PNG, TIF, 	or TIFF
.</span><span class='pins-file-upload--text'>The total of your uploaded files must be smaller than 1 GB.</span>
                            <div                             class=\\"middle-errors-hook\\"></div>
                    </div>
                    <div class=\\"display--flex\\">
                        <input class=\\"display--none\\" id=\\"upload-file-1\\" accept=\\".pdf,application/pdf,.doc,application/msword,.docx,application/vnd.openxmlformats-officedocument.wordprocessingml.document,.ppt,application/vnd.ms-powerpoint,.pptx,application/vnd.openxmlformats-officedocument.presentationml.presentation,.xls,application/vnd.ms-excel,.xlsx,application/vnd.openxmlformats-officedocument.spreadsheetml.sheet,.jpg,image/jpeg,.jpeg,image/jpeg,.mpeg,video/mpeg,.mp3,audio/mpeg,.mp4,video/mp4,.mov,video/quicktime,.png,image/png,.tif,image/tiff,.tiff,image/tiff,\\"
                        type=\\"file\\" name=\\"files\\" value=\\"Choose file\\" aria-controls=\\"file-list-1\\"
                        multiple>
                        <button type='button' class=\\"pins-file-upload--button govuk-button\\">Choose file</button><span role=\\"status\\" aria-live=\\"assertive\\" class='govuk-body pins-file-upload--counter'> No file chosen</span>
                    </div>
                    <div id=\\"file-list-1\\">
                        <h2 class=\\"display--sr-only\\" id=\\"file-list-title-1\\">List of files to upload</h2>
                        <ul class=\\"pins-file-upload--files-rows\\" aria-describedby=\\"file-list-title-1\\"
                        aria-live=\\"polite\\"></ul>
                    </div>
            </div>
            <div class=\\"govuk-inset-text\\">Saving files will default them to ‘Unredacted’ and ‘Not checked’</div>
            <div             class=\\"display--flex\\">
                <button class=\\"govuk-button pins-file-upload--submit\\" data-module=\\"govuk-button\\"
                id=\\"submit-button-1\\">Save and continue</button>
                <div class=\\"progress-hook\\"></div>
        </div>
        </form>
    </div><a href=\\"/applications-service/case/1/relevant-representations/1/representation-details\\"> Skip this step</a>
    </div>
    </div>
</main>"
`;
